// Jest Snapshot v1, https://goo.gl/fbAQLP

exports[`SettingsPage should render settings page - with snapshot 1`] = `
<div
  className="page"
>
  <h1
    className="page__title"
  >
    Settings
  </h1>
  <div
    className="settings"
  >
    <form
      onSubmit={[Function]}
    >
      <label>
        Set preferred nationality:
      </label>
      <select
        onChange={[Function]}
        value=""
      >
        <option
          value="CH"
        >
          CH
        </option>
        <option
          value="ES"
        >
          ES
        </option>
        <option
          value="FR"
        >
          FR
        </option>
        <option
          value="GB"
        >
          GB
        </option>
      </select>
      <button
        type="submit"
      >
        Save
      </button>
    </form>
  </div>
</div>
`;
