// Jest Snapshot v1, https://goo.gl/fbAQLP

exports[`Loading Component should render the loading component 1`] = `
<div
  className="loading"
>
  <div
    className="loadingio-spinner-spinner-fpiuut30cn4"
  >
    <div
      className="ldio-cbw2rtfocq"
    >
      <div />
      <div />
      <div />
      <div />
      <div />
      <div />
      <div />
      <div />
      <div />
      <div />
      <div />
      <div />
    </div>
  </div>
</div>
`;
